                                   [1m[38;2;29;74;255m█[38;2;245;78;0m█[38;2;249;189;43m█[39m PostHog Wizard starting up[22m

                       [2mWe'll use AI to analyze your project and complete work.[22m
                          [2m.env* file contents will not leave your machine.[22m


                                   [34m⠋[39m Detecting project framework...

