 [1m[38;2;220;147;0mLearn[39m[22m                                             [1mTasks[22m

                                                   [90m◻[39m[2m Plan event tracking[22m
                                                   [90m◻[39m[2m Install PostHog SDK[22m
                                                   [90m◻[39m[2m Configure environment variables[22m
                                                   [90m◻[39m[2m Implement PostHog and capture events[22m
                                                   [90m◻[39m[2m Validate integration[22m
                                                   [90m◻[39m[2m Create PostHog dashboard[22m

                                                   [34m⠋[39m [2mProgress: 0/6 completed[22m
[90m────────────────────────────────────────────────────────────────────────────────────────────────────[39m
 [90m[2m┊ Writing your PostHog setup with events, error capture and more...[22m[39m
 [90m◆ Checking project structure.[39m

 [7m[1m[38;2;220;147;0m Status [39m[22m[27m [90m Tail logs [39m [90m Visualizer [39m [90m HN [39m