 [1m[38;2;220;147;0mLearn[39m[22m                                             [1mTasks[22m

                                                   [32m◼[39m Plan event tracking
                                                   [32m◼[39m Configure environment variables
                                                   [36m▶[39m Install PostHog SDK
                                                   [36m▶[39m Implement PostHog and capture events
                                                   [90m◻[39m[2m Validate integration[22m
                                                   [90m◻[39m[2m Create PostHog dashboard[22m

                                                   [34m⠋[39m [2mProgress: 2/6 completed[22m
[90m────────────────────────────────────────────────────────────────────────────────────────────────────[39m
 [90m[2m┊ Generating events based on project.[22m[39m
 [90m◆ Inserting PostHog capture code[39m

 [7m[1m[38;2;220;147;0m Status [39m[22m[27m [90m Tail logs [39m [90m Visualizer [39m [90m HN [39m