 [1m[38;2;220;147;0mLearn[39m[22m                                             [1mTasks[22m

                                                   [32m◼[39m Plan event tracking
                                                   [32m◼[39m Configure environment variables
                                                   [32m◼[39m Implement PostHog and capture events
                                                   [36m▶[39m Install PostHog SDK
                                                   [90m◻[39m[2m Validate integration[22m
                                                   [90m◻[39m[2m Create PostHog dashboard[22m

                                                   [34m⠋[39m [2mProgress: 3/6 completed[22m
[90m────────────────────────────────────────────────────────────────────────────────────────────────────[39m
 [90m[2m┊ Edited `index.js` — added PostHog init with [22m[39m
 [90m[2m`setupExpressRequestContext`/`setupExpressErrorHandler`, and `capture` calls for `todo_created`, [22m[39m
 [90m[2m`todo_updated`, `todo_completed`, and `todo_deleted`.[22m[39m
 [90m◆ Finding and correcting errors.[39m

 [7m[1m[38;2;220;147;0m Status [39m[22m[27m [90m Tail logs [39m [90m Visualizer [39m [90m HN [39m