 [1m[38;2;220;147;0mLearn[39m[22m                                             [1mTasks[22m

                                                   [32m◼[39m Plan event tracking
                                                   [32m◼[39m Install PostHog SDK
                                                   [32m◼[39m Configure environment variables
                                                   [32m◼[39m Implement PostHog and capture events
                                                   [32m◼[39m Validate integration
                                                   [32m◼[39m Create PostHog dashboard

                                                   [34m⠋[39m [2mCleaning up...[22m
[90m────────────────────────────────────────────────────────────────────────────────────────────────────[39m
 [90m[2m┊ Created setup report: /private/tmp/wizard-e2e-express-todo/posthog-setup-report.md[22m[39m
 [90m◆ PostHog integration complete[39m

 [7m[1m[38;2;220;147;0m Status [39m[22m[27m [90m Tail logs [39m [90m Visualizer [39m [90m HN [39m