                              [0m[38;5;58;48;5;178m PostHog Wizard v2.41.1                                                                    Feedback: wizard@posthog.com [0m                              
                                                                                                                                                                                    
                                [0m[1;38;5;178mLearn[0m                                                      [0m[1mTasks[0m                                                                                    
                                                                                                                                                                                    
                                [0m[2mWelcome.[0m                                                   [0m[38;5;6m▶[0m Analyzing project                                                                      
                                                                                           [0m[38;5;8m◻[0m[2m Install SDK[0m                                                                            
                                [0m[2mThe Wizard is an agent.[0m                                    [0m[38;5;8m◻[0m[2m Initialize PostHog[0m                                                                     
                                                                                           [0m[38;5;8m◻[0m[2m Instrument events[0m                                                                      
                                [0m[2mIt handles the entire PostHog setup process on your[0m        [0m[38;5;8m◻[0m[2m Set env vars[0m                                                                           
                                [0m[2mbehalf.[0m                                                    [0m[38;5;8m◻[0m[2m Verify[0m                                                                                 
                                                                                           [0m[38;5;8m◻[0m[2m Create dashboard[0m                                                                       
                                As we speak, it's building a plan to set up PostHog in     [0m[38;5;8m◻[0m[2m Write setup report[0m                                                                     
                                your project.                                                                                                                                       
                                                                                           [0m[38;5;4m⠏[0m [0m[2mProgress: 0/8 completed[0m                                                                
                                                                                                                                                                                    
                                                                                                                                                                                    
                                                                                                                                                                                    
                                                                                                                                                                                    
                                                                                                                                                                                    
                                                                                                                                                                                    
                                                                                                                                                                                    
                                                                                                                                                                                    
                                                                                                                                                                                    
                                                                                                                                                                                    
                                                                                                                                                                                    
                                                                                                                                                                                    
                                                                                                                                                                                    
                                                                                                                                                                                    
                                                                                                                                                                                    
                                                                                                                                                                                    
                                                                                                                                                                                    
                                                                                                                                                                                    
                                                                                                                                                                                    
                                                                                                                                                                                    
                                                                                                                                                                                    
                                                                                                                                                                                    
                                                                                                                                                                                    
                                                                                                                                                                                    
                                                                                                                                                                                    
                                                                                                                                                                                    
                                                                                                                                                                                    
                                                                                                                                                                                    
                               [0m[38;5;8m──────────────────────────────────────────────────────────────────────────────────────────────────────────────────────[0m                               
                                [0m[2;38;5;8m┊ Reading the first skill step and inspecting the project structure[0m                                                                                 
                                [0m[38;5;8m◆ Checking project structure.[0m                                                                                                                       
                                                                                                                                                                                    
                                [0m[1;7;38;5;178m Status [0m [0m[38;5;8m Tail logs [0m [0m[38;5;8m HN [0m                                                                                                                           
                                                                                                                                                                                    
                                [0m[1;38;5;8m←→[0m[2m switch tab[0m  [0m[1;38;5;8ms[0m[2m toggle status[0m                                                                                                                      
