                              [0m[38;5;58;48;5;178m PostHog Wizard v2.41.0                                                                    Feedback: wizard@posthog.com [0m                              
                                                                                                                                                                                    
                               [0m[1;38;5;178mPostHog Setup Wizard[0m                                                                                                                                 
                               [0m[38;5;2m✔ [0mFramework: Next.js                                                                                                                                 
                                                                                                                                                                                    
                               [0m[1;2mHow does the wizard use your data?[0m                                                                                                                   
                               [0m[2m• Source files are read by Claude for AI context[0m                                                                                                     
                               [0m[2m• .env* and secrets stay on your machine[0m                                                                                                             
                               [0m[2m• Press [0m[2;38;5;178m[I][0m[2m for full privacy & usage info[0m                                                                                                            
                                                                                                                                                                                    
                               [0m[38;5;4m⠏[0m Waiting for authentication...                                                                                                                      
                                                                                                                                                                                    
                                                                                                                                                                                    
                                                                                                                                                                                    
                                                                                                                                                                                    
                                                                                                                                                                                    
                                                                                                                                                                                    
                                                                                                                                                                                    
                                                                                                                                                                                    
                                                                                                                                                                                    
                                                                                                                                                                                    
                                                                                                                                                                                    
                                                                                                                                                                                    
                                                                                                                                                                                    
                                                                                                                                                                                    
                                                                                                                                                                                    
                                                                                                                                                                                    
                                                                                                                                                                                    
                                                                                                                                                                                    
                                                                                                                                                                                    
                                                                                                                                                                                    
                                                                                                                                                                                    
                                                                                                                                                                                    
                                                                                                                                                                                    
                                                                                                                                                                                    
                                                                                                                                                                                    
                                                                                                                                                                                    
                                                                                                                                                                                    
                                                                                                                                                                                    
                                                                                                                                                                                    
                                                                                                                                                                                    
                                                                                                                                                                                    
                                                                                                                                                                                    
                                                                                                                                                                                    
                                                                                                                                                                                    
                                                                                                                                                                                    
                                                                                                                                                                                    
                                                                                                                                                                                    
                                [0m[1;38;5;8mI[0m[2m privacy info[0m                                                                                                                                      
