                              [0m[38;5;58;48;5;178m PostHog Wizard v2.71.0                                                                    Feedback: wizard@posthog.com [0m                              
                                                                                                                                                                                    
                                                                                                                                                                                    
                                                                                                                                                                                    
                                                                                                                                                                                    
                                                                                                                                                                                    
                                                                                                                                                                                    
                                                                                                                                                                                    
                                                                                                                                                                                    
                                                                                                                                                                                    
                                                                                                                                                                                    
                                                                                                                                                                                    
                                                                                                                                                                                    
                                                                                                                                                                                    
                                                      [0m[38;5;178m╭──────────────────────────────────────────────────────────────────────╮[0m                                                      
                                                      [0m[38;5;178m│[0m                                                                      [0m[38;5;178m│[0m                                                      
                                                      [0m[38;5;178m│[0m                         [0m[1;38;5;178m◆ self-driving-setup[0m                         [0m[38;5;178m│[0m                                                      
                                                      [0m[38;5;178m│[0m                                                                      [0m[38;5;178m│[0m                                                      
                                                      [0m[38;5;178m│[0m   Self-driving reads everything open in these and automatically      [0m[38;5;178m│[0m                                                      
                                                      [0m[38;5;178m│[0m   opens a draft PR for what it can fix — $15 each. Which do you      [0m[38;5;178m│[0m                                                      
                                                      [0m[38;5;178m│[0m   use?                                                               [0m[38;5;178m│[0m                                                      
                                                      [0m[38;5;178m│[0m                                                                      [0m[38;5;178m│[0m                                                      
                                                      [0m[38;5;178m│[0m     [0m[38;5;8m◻[0m [0m[1;38;5;178mNone of these[0m                                                  [0m[38;5;178m│[0m                                                      
                                                      [0m[38;5;178m│[0m     [0m[2;38;5;8m◻[0m [0m[2mGitHub Issues (per issue)[0m                                      [0m[38;5;178m│[0m                                                      
                                                      [0m[38;5;178m│[0m     [0m[2;38;5;8m◻[0m [0m[2mLinear (per issue)[0m                                             [0m[38;5;178m│[0m                                                      
                                                      [0m[38;5;178m│[0m     [0m[2;38;5;8m◻[0m [0m[2mJira (per issue)[0m                                               [0m[38;5;178m│[0m                                                      
                                                      [0m[38;5;178m│[0m     [0m[2;38;5;8m◻[0m [0m[2mSentry (per issue)[0m                                             [0m[38;5;178m│[0m                                                      
                                                      [0m[38;5;178m│[0m     [0m[2;38;5;8m◻[0m [0m[2mZendesk (per ticket)[0m                                           [0m[38;5;178m│[0m                                                      
                                                      [0m[38;5;178m│[0m     [0m[2;38;5;8m◻[0m [0m[2mShow more (31 more hidden)[0m                                     [0m[38;5;178m│[0m                                                      
                                                      [0m[38;5;178m│[0m                                                                      [0m[38;5;178m│[0m                                                      
                                                      [0m[38;5;178m│[0m     [0m[2m  Confirm[0m                                                        [0m[38;5;178m│[0m                                                      
                                                      [0m[38;5;178m│[0m                                                                      [0m[38;5;178m│[0m                                                      
                                                      [0m[38;5;178m│[0m   [0m[2;38;5;178mESC[0m[2m skip[0m                                                           [0m[38;5;178m│[0m                                                      
                                                      [0m[38;5;178m│[0m                                                                      [0m[38;5;178m│[0m                                                      
                                                      [0m[38;5;178m╰──────────────────────────────────────────────────────────────────────╯[0m                                                      
                                                                                                                                                                                    
                                                                                                                                                                                    
                                                                                                                                                                                    
                                                                                                                                                                                    
                                                                                                                                                                                    
                                                                                                                                                                                    
                                                                                                                                                                                    
                                                                                                                                                                                    
                                                                                                                                                                                    
                                                                                                                                                                                    
                                                                                                                                                                                    
                                                                                                                                                                                    
                                                                                                                                                                                    
                                [0m[1;38;5;8m↑↓[0m[2m navigate[0m  [0m[1;38;5;8menter[0m[2m select[0m                                                                                                                           
