                              [0m[38;5;58;48;5;178m PostHog Wizard v2.41.0                                                                    Feedback: wizard@posthog.com [0m                              
                                                                                                                                                                                    
                                [0m[1;38;5;178mLearn[0m                                                      [0m[1mTasks[0m                                                                                    
                                                                                                                                                                                    
                                [0m[2mHere's the flow.[0m                                           [0m[38;5;2m◼[0m Analyze project                                                                        
                                                                                           [0m[38;5;2m◼[0m Install SDK                                                                            
                                [0m[38;5;8m  ┌──────────────────────────────┐[0m                         [0m[38;5;6m▶[0m Initializing PostHog                                                                   
                                [0m[38;5;8m  │ [0m[1;38;5;6mYour App[0m[38;5;8m                     │[0m                         [0m[38;5;8m◻[0m[2m Instrument events[0m                                                                      
                                [0m[38;5;8m  │   │ [0mposthog.capture()[0m[38;5;8m        │[0m                         [0m[38;5;6m▶[0m Setting env vars                                                                       
                                [0m[38;5;8m  │   │  [0m[2mcustom events[0m[38;5;8m           │[0m                         [0m[38;5;8m◻[0m[2m Verify[0m                                                                                 
                                [0m[38;5;8m  │   │  [0m[2mcustom properties[0m[38;5;8m       │[0m                         [0m[38;5;8m◻[0m[2m Create dashboard[0m                                                                       
                                [0m[38;5;8m  │   │  [0m[2mperson profiles[0m[38;5;8m         │[0m                         [0m[38;5;8m◻[0m[2m Write setup report[0m                                                                     
                                                                                                                                                                                    
                                                                                           [0m[38;5;4m⠼[0m [0m[2mProgress: 2/8 completed[0m                                                                
                                                                                                                                                                                    
                                                                                                                                                                                    
                                                                                                                                                                                    
                                                                                                                                                                                    
                                                                                                                                                                                    
                                                                                                                                                                                    
                                                                                                                                                                                    
                                                                                                                                                                                    
                                                                                                                                                                                    
                                                                                                                                                                                    
                                                                                                                                                                                    
                                                                                                                                                                                    
                                                                                                                                                                                    
                                                                                                                                                                                    
                                                                                                                                                                                    
                                                                                                                                                                                    
                                                                                                                                                                                    
                                                                                                                                                                                    
                                                                                                                                                                                    
                                                                                                                                                                                    
                                                                                                                                                                                    
                                                                                                                                                                                    
                                                                                                                                                                                    
                                                                                                                                                                                    
                                                                                                                                                                                    
                                                                                                                                                                                    
                                                                                                                                                                                    
                                                                                                                                                                                    
                               [0m[38;5;8m──────────────────────────────────────────────────────────────────────────────────────────────────────────────────────[0m                               
                                [0m[2;38;5;8m┊ Setting PostHog environment variables.[0m                                                                                                            
                                [0m[38;5;8m◆ Setting environment variables and preparing PostHog initialization.[0m                                                                               
                                                                                                                                                                                    
                                [0m[1;7;38;5;178m Status [0m [0m[38;5;8m Event plan [0m [0m[38;5;8m Tail logs [0m [0m[38;5;8m HN [0m                                                                                                              
                                                                                                                                                                                    
                                [0m[1;38;5;8m←→[0m[2m switch tab[0m  [0m[1;38;5;8ms[0m[2m toggle status[0m                                                                                                                      
