                              [0m[38;5;58;48;5;178m PostHog Wizard v2.41.0                                                                    Feedback: wizard@posthog.com [0m                              
                                                                                                                                                                                    
                               [0m[1;38;5;178mInstall the MCP so you can chat to your data[0m                                                                                                         
                                                                                                                                                                                    
                               [0m[2m• Ask your agent: "List my feature flags" — and it does.[0m                                                                                             
                               [0m[2m• Run SQL, build dashboards, ship flags, all from your IDE.[0m                                                                                          
                               [0m[2m• No copy-pasting tokens or context. Your agent has the keys.[0m                                                                                        
                                                                                                                                                                                    
                               [0m[2mDetected: Claude Desktop/Web, Visual Studio Code, Zed[0m                                                                                                
                                                                                                                                                                                    
                               [0m[1;38;5;178m Install the PostHog MCP server?[0m                                                                                                                     
                               [0m[38;5;178m▸[0m [0m[1;38;5;178mInstall with all features (recommended)[0m                                                                                                            
                               [0m[2m [0m [0m[2mCustomize features[0m                                                                                                                                 
                               [0m[2m [0m [0m[2mNo thanks[0m                                                                                                                                          
                                                                                                                                                                                    
                                                                                                                                                                                    
                                                                                                                                                                                    
                                                                                                                                                                                    
                                                                                                                                                                                    
                                                                                                                                                                                    
                                                                                                                                                                                    
                                                                                                                                                                                    
                                                                                                                                                                                    
                                                                                                                                                                                    
                                                                                                                                                                                    
                                                                                                                                                                                    
                                                                                                                                                                                    
                                                                                                                                                                                    
                                                                                                                                                                                    
                                                                                                                                                                                    
                                                                                                                                                                                    
                                                                                                                                                                                    
                                                                                                                                                                                    
                                                                                                                                                                                    
                                                                                                                                                                                    
                                                                                                                                                                                    
                                                                                                                                                                                    
                                                                                                                                                                                    
                                                                                                                                                                                    
                                                                                                                                                                                    
                                                                                                                                                                                    
                                                                                                                                                                                    
                                                                                                                                                                                    
                                                                                                                                                                                    
                                                                                                                                                                                    
                                                                                                                                                                                    
                                                                                                                                                                                    
                                                                                                                                                                                    
                                [0m[1;38;5;8m↑↓[0m[2m navigate[0m  [0m[1;38;5;8menter[0m[2m select[0m                                                                                                                           
