                              [0m[38;5;58;48;5;178m PostHog Wizard v2.79.1                                                                    Feedback: wizard@posthog.com [0m                              
                                                                                                                                                                                    
                                [0m[1;38;5;178mVerifying installation[0m                                     [0m[1mChecks[0m                                                                                   
                                                                                                                                                                                    
                                [0m[38;5;8m┌──────────────────────────────────────────────────────┐[0m   [0m[38;5;4m⠴[0m [0m[1mInstallation[0m [0m[2m(0/4)[0m                                                                     
                                [0m[38;5;8m│[0m [0m[2mapp boot[0m                                             [0m[38;5;8m│[0m   [0m[38;5;8m◌[0m[2m PostHog SDK installed[0m                                                                  
                                [0m[38;5;8m│[0m [0m[2m  ▼ [0m[38;5;2mposthog.init(...)[0m[2m   once[0m                         [0m[38;5;8m│[0m   [0m[38;5;8m◌[0m[2m SDK version up to date[0m                                                                 
                                [0m[38;5;8m│[0m [0m[2m  │[0m                                                  [0m[38;5;8m│[0m   [0m[38;5;8m◌[0m[2m Initialization is correct[0m                                                              
                                [0m[38;5;8m│[0m [0m[2m  ▼ [0m[38;5;6mposthog.capture('pageview')[0m                      [0m[38;5;8m│[0m   [0m[38;5;8m◌[0m[2m One initialization per runtime[0m                                                         
                                [0m[38;5;8m│[0m [0m[2m    [0m[38;5;6mposthog.capture('signup')[0m                        [0m[38;5;8m│[0m                                                                                            
                                [0m[38;5;8m│[0m [0m[2m    [0m[38;5;6mposthog.capture('purchase')[0m                      [0m[38;5;8m│[0m   [0m[1mIdentification[0m [0m[2m(0/4)[0m                                                                     
                                [0m[38;5;8m└──────────────────────────────────────────────────────┘[0m   [0m[38;5;8m◌[0m[2m Stable distinct_id (not session UUID)[0m                                                  
                                                                                           [0m[38;5;8m◌[0m[2m identify() called before captures / flag evals[0m                                         
                                PostHog releases frequent SDK updates to fix bugs and      [0m[38;5;8m◌[0m[2m Same distinct_id across client and server[0m                                              
                                add new features. We're checking your project's SDK        [0m[38;5;8m◌[0m[2m reset() called on logout / account switch[0m                                              
                                version and making sure it's up to date.                                                                                                            
                                                                                           [0m[1mEvent Capture[0m [0m[2m(0/3)[0m                                                                      
                                We're also checking that your SDK is initialized           [0m[38;5;8m◌[0m[2m Event names are static and consistent[0m                                                  
                                correctly and in the right part of your app's lifecycle.   [0m[38;5;8m◌[0m[2m Captures route through a reverse proxy[0m                                                 
                                                                                           [0m[38;5;8m◌[0m[2m Key activation events captured[0m                                                         
                                This ensures you won't miss any autocaptured events.                                                                                                
                                                                                           [0m[1mLive Data[0m [0m[2m(0/1)[0m                                                                          
                                [0m[2m[[0m[2;38;5;178mO[0m[2m] Learn more[0m                                             [0m[38;5;8m◌[0m[2m Open findings in PostHog[0m                                                               
                                                                                                                                                                                    
                                                                                           [0m[1mWrite report[0m [0m[2m(0/1)[0m                                                                       
                                                                                           [0m[38;5;8m◌[0m[2m Create posthog-audit-report.md[0m                                                         
                                                                                                                                                                                    
                                                                                           [0m[1mUpload notebook[0m [0m[2m(0/1)[0m                                                                    
                                                                                           [0m[38;5;8m◌[0m[2m Write the report into a PostHog notebook[0m                                               
                                                                                                                                                                                    
                                                                                                                                                                                    
                                                                                                                                                                                    
                                                                                                                                                                                    
                                                                                                                                                                                    
                                                                                                                                                                                    
                                                                                                                                                                                    
                                                                                                                                                                                    
                                                                                                                                                                                    
                                                                                                                                                                                    
                                                                                                                                                                                    
                                                                                                                                                                                    
                                                                                                                                                                                    
                               [0m[38;5;8m──────────────────────────────────────────────────────────────────────────────────────────────────────────────────────[0m                               
                                [0m[2;38;5;8m┊ Agent initialized. Let's get cooking![0m                                                                                                             
                                [0m[38;5;8m◆ Auditing PostHog integration...[0m                                                                                                                   
                                                                                                                                                                                    
                                [0m[1;7;38;5;178m Status [0m [0m[38;5;8m Audit plan [0m [0m[38;5;8m Tail logs [0m [0m[38;5;8m HN [0m                                                                                                              
                                                                                                                                                                                    
                                [0m[1;38;5;8m←→[0m[2m switch tab[0m  [0m[1;38;5;8ms[0m[2m toggle status[0m                                                                                                                      
