                              [0m[38;5;58;48;5;178m PostHog Wizard v2.79.1                                                                    Feedback: wizard@posthog.com [0m                              
                                                                                                                                                                                    
                                [0m[1;38;5;178mVerifying identification[0m                                   [0m[1mChecks[0m                                                                                   
                                                                                                                                                                                    
                                [0m[38;5;8m┌──────────────────────────────────────────────────────┐[0m   [0m[1mInstallation[0m [0m[2m(4/4)[0m                                                                       
                                [0m[38;5;8m│[0m [0m[1mbrowser [0m[2mcapture[0m ([0m[38;5;6mu_42[0m, "click")                      [0m[38;5;8m│[0m   [0m[38;5;2m✔[0m PostHog SDK installed                                                                  
                                [0m[38;5;8m│[0m [0m[2m           │[0m                                         [0m[38;5;8m│[0m   [0m[38;5;1m✘[0m SDK version up to date                                                                 
                                [0m[38;5;8m│[0m [0m[2m           ▼ [0m[38;5;2msame distinct_id[0m                        [0m[38;5;8m│[0m   [0m[38;5;1m✘[0m Initialization is correct                                                              
                                [0m[38;5;8m│[0m [0m[2m           │[0m                                         [0m[38;5;8m│[0m   [0m[38;5;2m✔[0m One initialization per runtime                                                         
                                [0m[38;5;8m│[0m [0m[1mserver  [0m[2mcapture[0m ([0m[38;5;6mu_42[0m, "charged")                    [0m[38;5;8m│[0m                                                                                            
                                [0m[38;5;8m└──────────────────────────────────────────────────────┘[0m   [0m[38;5;4m⠋[0m [0m[1mIdentification[0m [0m[2m(0/4)[0m                                                                   
                                                                                           [0m[38;5;8m◌[0m[2m Stable distinct_id (not session UUID)[0m                                                  
                                For events to be useful, they need to be reliably          [0m[38;5;8m◌[0m[2m identify() called before captures / flag evals[0m                                         
                                attributed to a user.                                      [0m[38;5;8m◌[0m[2m Same distinct_id across client and server[0m                                              
                                                                                           [0m[38;5;8m◌[0m[2m reset() called on logout / account switch[0m                                              
                                We're checking your project's `identify()` calls to make                                                                                            
                                 sure they're correctly and consistently implemented.      [0m[1mEvent Capture[0m [0m[2m(0/3)[0m                                                                      
                                                                                           [0m[38;5;8m◌[0m[2m Event names are static and consistent[0m                                                  
                                We're also checking that your `distinct_id`s are           [0m[38;5;8m◌[0m[2m Captures route through a reverse proxy[0m                                                 
                                correctly passed between your client and server runtimes   [0m[38;5;8m◌[0m[2m Key activation events captured[0m                                                         
                                 if applicable.                                                                                                                                     
                                                                                           [0m[1mLive Data[0m [0m[2m(0/1)[0m                                                                          
                                [0m[2m[[0m[2;38;5;178mO[0m[2m] Learn more  [[0m[2;38;5;178m→[0m[2m] View issues[0m                            [0m[38;5;8m◌[0m[2m Open findings in PostHog[0m                                                               
                                                                                                                                                                                    
                                                                                           [0m[1mWrite report[0m [0m[2m(0/1)[0m                                                                       
                                                                                           [0m[38;5;8m◌[0m[2m Create posthog-audit-report.md[0m                                                         
                                                                                                                                                                                    
                                                                                           [0m[1mUpload notebook[0m [0m[2m(0/1)[0m                                                                    
                                                                                           [0m[38;5;8m◌[0m[2m Write the report into a PostHog notebook[0m                                               
                                                                                                                                                                                    
                                                                                                                                                                                    
                                                                                                                                                                                    
                                                                                                                                                                                    
                                                                                                                                                                                    
                                                                                                                                                                                    
                                                                                                                                                                                    
                                                                                                                                                                                    
                                                                                                                                                                                    
                                                                                                                                                                                    
                                                                                                                                                                                    
                                                                                                                                                                                    
                                                                                                                                                                                    
                               [0m[38;5;8m──────────────────────────────────────────────────────────────────────────────────────────────────────────────────────[0m                               
                                [0m[2;38;5;8m┊ Checking whether the second browser initializer is loaded by the application.[0m                                                                     
                                [0m[38;5;8m◆ Recording initialization findings.[0m                                                                                                                
                                                                                                                                                                                    
                                [0m[1;7;38;5;178m Status [0m [0m[38;5;8m Audit plan [0m [0m[38;5;8m Tail logs [0m [0m[38;5;8m HN [0m                                                                                                              
                                                                                                                                                                                    
                                [0m[1;38;5;8m←→[0m[2m switch tab[0m  [0m[1;38;5;8ms[0m[2m toggle status[0m                                                                                                                      
