
[1m[38;2;220;147;0mConnect GitHub[39m[22m

Self-driving needs GitHub access to research findings in your code and open fixes, so setup cannot
finish without it.

[36m◆ [39mGrant it the repos you want Self-driving to work with — include this project's repo so it can also
 watch its issues.

[2mInstall it: [36mhttps://us.posthog.com/api/environments/228144/integrations/authorize?kind=github[39m[22m

[38;2;220;147;0m▸[39m [1m[38;2;220;147;0mOpen GitHub App install[39m[22m
[2m [22m [2mI can't connect right now[22m
