                              [0m[38;5;58;48;5;178m PostHog Wizard v2.76.1                                                                    Feedback: wizard@posthog.com [0m                              
                                                                                                                                                                                    
                                [0m[1;38;5;178mLearn[0m                                                      [0m[1mTasks[0m                                                                                    
                                                                                                                                                                                    
                                [0m[2mHere's the flow.[0m                                           [0m[38;5;2m◼[0m Add PostHog SDK                                                                        
                                                                                           [0m[38;5;6m▶[0m Configure PostHog                                                                      
                                [0m[38;5;8m  ┌──────────────────────────────┐[0m                         [0m[38;5;8m◻[0m [0m[2mAdd user identification[0m                                                                
                                [0m[38;5;8m  │ [0m[1;38;5;6mYour App[0m[38;5;8m                     │[0m                         [0m[38;5;8m◻[0m [0m[2mCapture unhandled errors[0m                                                               
                                [0m[38;5;8m  │   │ [0mposthog.capture()[0m[38;5;8m        │[0m                         [0m[38;5;8m◻[0m [0m[2mInstrument product events[0m                                                              
                                [0m[38;5;8m  │   │  [0m[2mcustom events[0m[38;5;8m           │[0m                         [0m[38;5;8m◻[0m [0m[2mReview integration[0m                                                                     
                                [0m[38;5;8m  │   │  [0m[2mcustom properties[0m[38;5;8m       │[0m                         [0m[38;5;8m◻[0m [0m[2mBuild product dashboard[0m                                                                
                                [0m[38;5;8m  │   │  [0m[2mperson profiles[0m[38;5;8m         │[0m                         [0m[38;5;8m◻[0m [0m[2mPublish setup report[0m                                                                   
                                [0m[38;5;8m  │   ↓  [0m[2mgroups[0m[38;5;8m                  │[0m                                                                                                                  
                                [0m[38;5;8m  │ [0m[1;38;5;178mPostHog SDK[0m[38;5;8m                  │[0m                         [0m[38;5;4m⠏[0m [0m[2mProgress: 1/8 completed[0m                                                                
                                [0m[38;5;8m  │   ↓ [0mHTTP[0m[38;5;8m                     │[0m                                                                                                                  
                                [0m[38;5;8m  │ [0m[1;38;5;178mPostHog Cloud[0m[38;5;8m                │[0m                                                                                                                  
                                [0m[38;5;8m  │   ↓ [0mquery + visualize[0m[38;5;8m        │[0m                                                                                                                  
                                [0m[38;5;8m  │ [0m[1;38;5;2mDashboards & Insights[0m[38;5;8m        │[0m                                                                                                                  
                                [0m[38;5;8m  └──────────────────────────────┘[0m                                                                                                                  
                                                                                                                                                                                    
                                                                                                                                                                                    
                                                                                                                                                                                    
                                                                                                                                                                                    
                                                                                                                                                                                    
                                                                                                                                                                                    
                                                                                                                                                                                    
                                                                                                                                                                                    
                                                                                                                                                                                    
                                                                                                                                                                                    
                                                                                                                                                                                    
                                                                                                                                                                                    
                                                                                                                                                                                    
                                                                                                                                                                                    
                                                                                                                                                                                    
                                                                                                                                                                                    
                                                                                                                                                                                    
                                                                                                                                                                                    
                                                                                                                                                                                    
                                                                                                                                                                                    
                                                                                                                                                                                    
                                                                                                                                                                                    
                               [0m[38;5;8m──────────────────────────────────────────────────────────────────────────────────────────────────────────────────────[0m                               
                                [0m[2;38;5;8m┊ Using the supported server environment-variable convention and adding the singleton client module plus [0m                                           
                                [0m[2;38;5;8mdeveloper-facing env template.[0m                                                                                                                      
                                [0m[38;5;8m◆ Ensuring the committed start commands load the configured local environment before the singleton is initialized.[0m                                  
                                                                                                                                                                                    
                                [0m[1;7;38;5;178m Status [0m [0m[38;5;8m Tail logs [0m [0m[38;5;8m Visualizer [0m [0m[38;5;8m HN [0m                                                                                                              
                                                                                                                                                                                    
                                [0m[1;38;5;8m←→[0m[2m switch tab[0m  [0m[1;38;5;8ms[0m[2m toggle status[0m                                                                                                                      
