                              [0m[38;5;58;48;5;178m PostHog Wizard v2.76.1                                                                    Feedback: wizard@posthog.com [0m                              
                                                                                                                                                                                    
                                [0m[1;38;5;178mTips[0m                                                       [0m[1mTasks[0m                                                                                    
                                                                                                                                                                                    
                                [0m[38;5;178m◆ [0m[1mYou can also track people and groups with PostHog[0m        [0m[38;5;2m◼[0m Add PostHog SDK                                                                        
                                [0m[2mEvents can be associated with the humans who generate [0m     [0m[38;5;2m◼[0m Configure PostHog                                                                      
                                [0m[2mthem, letting you understand a specific user or [0m           [0m[38;5;2m◼[0m Capture unhandled errors                                                               
                                [0m[2mcustomer's situation.[0m                                      [0m[38;5;2m◼[0m Instrument product events                                                              
                                                                                           [0m[38;5;6m▶[0m Review integration                                                                     
                                [0m[38;5;178m◆ [0m[1mGet way more detail using properties[0m                     [0m[38;5;6m▶[0m Build product dashboard                                                                
                                [0m[2mEvents and person records can have any properties you [0m     [0m[38;5;8m◻[0m [0m[2mPublish setup report[0m                                                                   
                                [0m[2mwant. Track things like how they found your website, [0m                                                                                               
                                [0m[2mwhat subscription tier they choose, and much more.[0m         [0m[38;5;4m⠧[0m [0m[2mProgress: 4/7 completed[0m                                                                
                                                                                           [0m[2m(1 skipped as not required)[0m                                                              
                                [0m[38;5;178m◆ [0m[1mUse PostHog in Slack[0m                                                                                                                              
                                [0m[2mConnect the PostHog Slack app to analyze data and ship [0m                                                                                             
                                [0m[2mproduct changes — deploy flags, open PRs, run queries — [0m                                                                                            
                                [0m[2mjust by tagging @PostHog: [0m[2;38;5;6mhttps://posthog.com/slack[0m                                                                                                 
                                                                                                                                                                                    
                                                                                                                                                                                    
                                                                                                                                                                                    
                                                                                                                                                                                    
                                                                                                                                                                                    
                                                                                                                                                                                    
                                                                                                                                                                                    
                                                                                                                                                                                    
                                                                                                                                                                                    
                                                                                                                                                                                    
                                                                                                                                                                                    
                                                                                                                                                                                    
                                                                                                                                                                                    
                                                                                                                                                                                    
                                                                                                                                                                                    
                                                                                                                                                                                    
                                                                                                                                                                                    
                                                                                                                                                                                    
                                                                                                                                                                                    
                                                                                                                                                                                    
                                                                                                                                                                                    
                                                                                                                                                                                    
                               [0m[38;5;8m──────────────────────────────────────────────────────────────────────────────────────────────────────────────────────[0m                               
                                [0m[2;38;5;8m┊ I’m comparing the changed SDK call shapes against the cached framework examples, without inspecting installed SDK [0m                                
                                [0m[2;38;5;8minternals.[0m                                                                                                                                          
                                [0m[38;5;8m◆ I found one correctness risk in the anonymous capture shape and am checking the cached Node API contract before [0m                                  
                                [0m[38;5;8mdeciding whether a code fix is required.[0m                                                                                                            
                                                                                                                                                                                    
                                [0m[1;7;38;5;178m Status [0m [0m[38;5;8m Tail logs [0m [0m[38;5;8m Visualizer [0m [0m[38;5;8m HN [0m                                                                                                              
                                                                                                                                                                                    
                                [0m[1;38;5;8m←→[0m[2m switch tab[0m  [0m[1;38;5;8ms[0m[2m toggle status[0m                                                                                                                      
