                              [0m[38;5;58;48;5;178m PostHog Wizard v2.44.0                                                                    Feedback: wizard@posthog.com [0m                              
                                                                                                                                                                                    
                                [0m[1;38;5;178mLearn[0m                                                      [0m[1mTasks[0m                                                                                    
                                                                                                                                                                                    
                                [0m[2mYou can view the Wizard's status below.[0m                    [0m[38;5;8m◻[0m[2m Analyze project[0m                                                                        
                                                                                           [0m[38;5;8m◻[0m[2m Plan event tracking[0m                                                                    
                                Press [0m[1;38;5;178mS[0m to expand or collapse the status.                  [0m[38;5;8m◻[0m[2m Install SDK[0m                                                                            
                                                                                                                                                                                    
                                                                                           [0m[38;5;4m⠏[0m [0m[2mProgress: 0/3 completed[0m                                                                
                                                                                                                                                                                    
                                                                                                                                                                                    
                                                                                                                                                                                    
                                                                                                                                                                                    
                                                                                                                                                                                    
                                                                                                                                                                                    
                                                                                                                                                                                    
                                                                                                                                                                                    
                                                                                                                                                                                    
                                                                                                                                                                                    
                                                                                                                                                                                    
                                                                                                                                                                                    
                                                                                                                                                                                    
                                                                                                                                                                                    
                                                                                                                                                                                    
                                                                                                                                                                                    
                                                                                                                                                                                    
                                                                                                                                                                                    
                                                                                                                                                                                    
                                                                                                                                                                                    
                                                                                                                                                                                    
                                                                                                                                                                                    
                                                                                                                                                                                    
                                                                                                                                                                                    
                                                                                                                                                                                    
                                                                                                                                                                                    
                                                                                                                                                                                    
                                                                                                                                                                                    
                               [0m[38;5;8m──────────────────────────────────────────────────────────────────────────────────────────────────────────────────────[0m                               
                                [0m[2;38;5;8m┊ Using provided API key (CI mode - OAuth bypassed)[0m                                                                                                 
                                [0m[2;38;5;8m┊ Initializing Wizard agent...[0m                                                                                                                      
                                [0m[2;38;5;8m┊ Verbose logs: /tmp/posthog-wizard.log[0m                                                                                                             
                                [0m[2;38;5;8m┊ Agent initialized. Let's get cooking![0m                                                                                                             
                                [0m[2;38;5;8m┊ Writing your PostHog setup with events, error capture and more...[0m                                                                                 
                                [0m[2;38;5;8m┊ Loading the available Laravel integration skills before inspecting or changing the project.[0m                                                       
                                [0m[38;5;8m◆ Checking project structure.[0m                                                                                                                       
                                                                                                                                                                                    
                                [0m[1;7;38;5;178m Status [0m [0m[38;5;8m Tail logs [0m [0m[38;5;8m HN [0m                                                                                                                           
                                                                                                                                                                                    
                                [0m[1;38;5;8m←→[0m[2m switch tab[0m  [0m[1;38;5;8ms[0m[2m toggle status[0m                                                                                                                      
