                              [0m[38;5;58;48;5;178m PostHog Wizard v2.44.0                                                                    Feedback: wizard@posthog.com [0m                              
                                                                                                                                                                                    
                                [0m[1;38;5;178mLearn[0m                                                      [0m[1mTasks[0m                                                                                    
                                                                                                                                                                                    
                                [0m[2mOr funnels to reveal bottlenecks.[0m                          [0m[38;5;2m◼[0m Analyze project                                                                        
                                                                                           [0m[38;5;2m◼[0m Plan event tracking                                                                    
                                [0m[1m  Funnel · ride conversion[0m                                 [0m[38;5;2m◼[0m Install SDK                                                                            
                                                                                           [0m[38;5;8m◻[0m[2m Initialize PostHog[0m                                                                     
                                                                                           [0m[38;5;8m◻[0m[2m Instrument events[0m                                                                      
                                                                                           [0m[38;5;8m◻[0m[2m Set env vars[0m                                                                           
                                                                                           [0m[38;5;8m◻[0m[2m Verify integration[0m                                                                     
                                                                                           [0m[38;5;8m◻[0m[2m Create dashboard[0m                                                                       
                                                                                           [0m[38;5;8m◻[0m[2m Write setup report[0m                                                                     
                                                                                                                                                                                    
                                                                                           [0m[38;5;4m⠙[0m [0m[2mProgress: 3/9 completed[0m                                                                
                                                                                                                                                                                    
                                                                                                                                                                                    
                                                                                                                                                                                    
                                                                                                                                                                                    
                                                                                                                                                                                    
                                                                                                                                                                                    
                                                                                                                                                                                    
                                                                                                                                                                                    
                                                                                                                                                                                    
                                                                                                                                                                                    
                                                                                                                                                                                    
                                                                                                                                                                                    
                                                                                                                                                                                    
                                                                                                                                                                                    
                                                                                                                                                                                    
                                                                                                                                                                                    
                                                                                                                                                                                    
                                                                                                                                                                                    
                                                                                                                                                                                    
                                                                                                                                                                                    
                                                                                                                                                                                    
                                                                                                                                                                                    
                                                                                                                                                                                    
                                                                                                                                                                                    
                                                                                                                                                                                    
                                                                                                                                                                                    
                                                                                                                                                                                    
                               [0m[38;5;8m──────────────────────────────────────────────────────────────────────────────────────────────────────────────────────[0m                               
                                [0m[2;38;5;8m┊ Installing the Laravel SDK before adding the service and event instrumentation.[0m                                                                   
                                [0m[38;5;8m◆ Installing the Laravel SDK before adding any capture calls.[0m                                                                                       
                                                                                                                                                                                    
                                [0m[1;7;38;5;178m Status [0m [0m[38;5;8m Event plan [0m [0m[38;5;8m Tail logs [0m [0m[38;5;8m HN [0m                                                                                                              
                                                                                                                                                                                    
                                [0m[1;38;5;8m←→[0m[2m switch tab[0m  [0m[1;38;5;8ms[0m[2m toggle status[0m                                                                                                                      
