                              [0m[38;5;58;48;5;178m PostHog Wizard v2.71.0                                                                    Feedback: wizard@posthog.com [0m                              
                                                                                                                                                                                    
                                                                                                                                                                                    
                                                                                                                                                                                    
                                                                                                                                                                                    
                                                                                                                                                                                    
                                                                                                                                                                                    
                                                                                                                                                                                    
                                                                                                                                                                                    
                                                                                                                                                                                    
                                                                                                                                                                                    
                                                                                                                                                                                    
                                                                                                                                                                                    
                                                                                                                                                                                    
                                                                                                                                                                                    
                                                                                                                                                                                    
                                                                               [0m[1;38;5;63m█[0m[1;38;5;208m█[0m[1;38;5;221m█[0m[1m PostHog Wizard 🦔[0m                                                                                 
                                                                                                                                                                                    
                                                               [0m[2mWe'll use AI to analyze your project and complete work.[0m                                                              
                                                                  [0m[2m.env* file contents will not leave your machine.[0m                                                                  
                                                                                                                                                                                    
                                                            The Wizard will run an agent to detect your project's                                                                   
                                                            framework(s), download the relevant docs, and implement                                                                 
                                                            source-map uploads for you.                                                                                             
                                                                                                                                                                                    
                                                            Ready?                                                                                                                  
                                                                                                                                                                                    
                                                                            Directory [0m[38;5;2m✔[0m /wizard-e2e-next                                                                            
                                                                                                                                                                                    
                                                                              [0m[38;5;178m▸[0m [0m[1;38;5;178mContinue[0m                                                                                            
                                                                              [0m[2m [0m [0m[2mMore info[0m                                                                                           
                                                                              [0m[2m [0m [0m[2mPrivacy & data[0m                                                                                      
                                                                              [0m[2m [0m [0m[2mCancel[0m                                                                                              
                                                                                                                                                                                    
                                                                                                                                                                                    
                                                                                                                                                                                    
                                                                                                                                                                                    
                                                                                                                                                                                    
                                                                                                                                                                                    
                                                                                                                                                                                    
                                                                                                                                                                                    
                                                                                                                                                                                    
                                                                                                                                                                                    
                                                                                                                                                                                    
                                                                                                                                                                                    
                                                                                                                                                                                    
                                                                                                                                                                                    
                                                                                                                                                                                    
                                [0m[1;38;5;8m↑↓[0m[2m navigate[0m  [0m[1;38;5;8menter[0m[2m select[0m                                                                                                                           
