                              [0m[38;5;58;48;5;178m PostHog Wizard v2.71.0                                                                    Feedback: wizard@posthog.com [0m                              
                                                                                                                                                                                    
                                [0m[1;38;5;178mLearn[0m                                                      [0m[1mTasks[0m                                                                                    
                                                                                                                                                                                    
                                [0m[2mBut how does PostHog know which map belongs to which[0m       [0m[38;5;2m◼[0m Install source maps skill                                                              
                                [0m[2mbuild?[0m                                                     [0m[38;5;2m◼[0m Apply build-config changes (per skill)                                                 
                                                                                           [0m[38;5;2m◼[0m Make credentials readable at build time                                                
                                [0m[2mDuring the build, it injects a unique chunk ID into each[0m   [0m[38;5;2m◼[0m Write keys to .env                                                                     
                                [0m[2mbundle:[0m                                                    [0m[38;5;2m◼[0m Identify build & run commands                                                          
                                                                                           [0m[38;5;6m▶[0m Setting up CI for auto-upload                                                          
                                [0m[2mapp.min.js[0m                                                 [0m[38;5;8m◻[0m [0m[2mTest the local setup[0m                                                                   
                                [0m[2m  …minified code…[0m                                          [0m[38;5;8m◻[0m [0m[2mSummarise & hand off[0m                                                                   
                                [0m[38;5;6m  //# chunkId=a1b2c3d4[0m[2m  ← injected[0m                                                                                                                  
                                [0m[2m        ↕  matched by id[0m                                   [0m[38;5;4m⠦[0m [0m[2mProgress: 5/8 completed[0m                                                                
                                                                                                                                                                                    
                                                                                                                                                                                    
                                                                                                                                                                                    
                                                                                                                                                                                    
                                                                                                                                                                                    
                                                                                                                                                                                    
                                                                                                                                                                                    
                                                                                                                                                                                    
                                                                                                                                                                                    
                                                                                                                                                                                    
                                                                                                                                                                                    
                                                                                                                                                                                    
                                                                                                                                                                                    
                                                                                                                                                                                    
                                                                                                                                                                                    
                                                                                                                                                                                    
                                                                                                                                                                                    
                                                                                                                                                                                    
                                                                                                                                                                                    
                                                                                                                                                                                    
                                                                                                                                                                                    
                                                                                                                                                                                    
                                                                                                                                                                                    
                                                                                                                                                                                    
                                                                                                                                                                                    
                                                                                                                                                                                    
                                                                                                                                                                                    
                                                                                                                                                                                    
                               [0m[38;5;8m──────────────────────────────────────────────────────────────────────────────────────────────────────────────────────[0m                               
                                [0m[2;38;5;8m┊ Installing the Next.js source-map config package[0m                                                                                                  
                                [0m[38;5;8m◆ Wiring source-map upload into the production Next.js build[0m                                                                                        
                                                                                                                                                                                    
                                [0m[1;7;38;5;178m Status [0m [0m[38;5;8m Tail logs [0m [0m[38;5;8m Visualizer [0m [0m[38;5;8m HN [0m                                                                                                              
                                                                                                                                                                                    
                                [0m[1;38;5;8m←→[0m[2m switch tab[0m  [0m[1;38;5;8ms[0m[2m toggle status[0m                                                                                                                      
