                              [0m[38;5;58;48;5;178m PostHog Wizard v2.71.0                                                                    Feedback: wizard@posthog.com [0m                              
                                                                                                                                                                                    
                                                                                                                                                                                    
                                                                                                                                                                                    
                                                                                                                                                                                    
                                                                                                                                                                                    
                                                                                                                                                                                    
                                                                                                                                                                                    
                                                                                                                                                                                    
                                                                                                                                                                                    
                                                                                                                                                                                    
                                                                                                                                                                                    
                                                                                                                                                                                    
                                                                                                                                                                                    
                                                                                                                                                                                    
                                                                                                                                                                                    
                                                                                                                                                                                    
                                                      [0m[38;5;178m╭──────────────────────────────────────────────────────────────────────╮[0m                                                      
                                                      [0m[38;5;178m│[0m                                                                      [0m[38;5;178m│[0m                                                      
                                                      [0m[38;5;178m│[0m                 [0m[1;38;5;178m◆ error-tracking-upload-source-maps[0m                  [0m[38;5;178m│[0m                                                      
                                                      [0m[38;5;178m│[0m                                                                      [0m[38;5;178m│[0m                                                      
                                                      [0m[38;5;178m│[0m   Want me to help you test your local setup? I'll add a temporary    [0m[38;5;178m│[0m                                                      
                                                      [0m[38;5;178m│[0m   test button (or route) to your app so you can confirm errors       [0m[38;5;178m│[0m                                                      
                                                      [0m[38;5;178m│[0m   show up in Error Tracking with readable stack traces after your    [0m[38;5;178m│[0m                                                      
                                                      [0m[38;5;178m│[0m   next build. I'll remove it once you've confirmed it works.         [0m[38;5;178m│[0m                                                      
                                                      [0m[38;5;178m│[0m                                                                      [0m[38;5;178m│[0m                                                      
                                                      [0m[38;5;178m│[0m   [0m[38;5;178m▸[0m [0m[1;38;5;178mYes, help me test it[0m                                             [0m[38;5;178m│[0m                                                      
                                                      [0m[38;5;178m│[0m   [0m[2m [0m [0m[2mNo, I'll test on my own later[0m                                    [0m[38;5;178m│[0m                                                      
                                                      [0m[38;5;178m│[0m                                                                      [0m[38;5;178m│[0m                                                      
                                                      [0m[38;5;178m│[0m   [0m[2;38;5;178mESC[0m[2m skip[0m                                                           [0m[38;5;178m│[0m                                                      
                                                      [0m[38;5;178m│[0m                                                                      [0m[38;5;178m│[0m                                                      
                                                      [0m[38;5;178m╰──────────────────────────────────────────────────────────────────────╯[0m                                                      
                                                                                                                                                                                    
                                                                                                                                                                                    
                                                                                                                                                                                    
                                                                                                                                                                                    
                                                                                                                                                                                    
                                                                                                                                                                                    
                                                                                                                                                                                    
                                                                                                                                                                                    
                                                                                                                                                                                    
                                                                                                                                                                                    
                                                                                                                                                                                    
                                                                                                                                                                                    
                                                                                                                                                                                    
                                                                                                                                                                                    
                                                                                                                                                                                    
                                                                                                                                                                                    
                                [0m[1;38;5;8m↑↓[0m[2m navigate[0m  [0m[1;38;5;8menter[0m[2m select[0m                                                                                                                           
